Archive member included to satisfy reference by file (symbol)

C:/ST/STM32CubeIDE_1.19.0/STM32CubeIDE/plugins/com.st.stm32cube.ide.mcu.externaltools.gnu-tools-for-stm32.13.3.rel1.win32_1.0.0.202411081344/tools/bin/../lib/gcc/arm-none-eabi/13.3.1/../../../../arm-none-eabi/lib/thumb/v7e-m+fp/hard\libc_nano.a(libc_a-exit.o)
                              C:/ST/STM32CubeIDE_1.19.0/STM32CubeIDE/plugins/com.st.stm32cube.ide.mcu.externaltools.gnu-tools-for-stm32.13.3.rel1.win32_1.0.0.202411081344/tools/bin/../lib/gcc/arm-none-eabi/13.3.1/../../../../arm-none-eabi/lib/thumb/v7e-m+fp/hard/crt0.o (exit)
C:/ST/STM32CubeIDE_1.19.0/STM32CubeIDE/plugins/com.st.stm32cube.ide.mcu.externaltools.gnu-tools-for-stm32.13.3.rel1.win32_1.0.0.202411081344/tools/bin/../lib/gcc/arm-none-eabi/13.3.1/../../../../arm-none-eabi/lib/thumb/v7e-m+fp/hard\libc_nano.a(libc_a-findfp.o)
                              C:/ST/STM32CubeIDE_1.19.0/STM32CubeIDE/plugins/com.st.stm32cube.ide.mcu.externaltools.gnu-tools-for-stm32.13.3.rel1.win32_1.0.0.202411081344/tools/bin/../lib/gcc/arm-none-eabi/13.3.1/../../../../arm-none-eabi/lib/thumb/v7e-m+fp/hard\libc_nano.a(libc_a-exit.o) (__stdio_exit_handler)
C:/ST/STM32CubeIDE_1.19.0/STM32CubeIDE/plugins/com.st.stm32cube.ide.mcu.externaltools.gnu-tools-for-stm32.13.3.rel1.win32_1.0.0.202411081344/tools/bin/../lib/gcc/arm-none-eabi/13.3.1/../../../../arm-none-eabi/lib/thumb/v7e-m+fp/hard\libc_nano.a(libc_a-fwalk.o)
                              C:/ST/STM32CubeIDE_1.19.0/STM32CubeIDE/plugins/com.st.stm32cube.ide.mcu.externaltools.gnu-tools-for-stm32.13.3.rel1.win32_1.0.0.202411081344/tools/bin/../lib/gcc/arm-none-eabi/13.3.1/../../../../arm-none-eabi/lib/thumb/v7e-m+fp/hard\libc_nano.a(libc_a-findfp.o) (_fwalk_sglue)
C:/ST/STM32CubeIDE_1.19.0/STM32CubeIDE/plugins/com.st.stm32cube.ide.mcu.externaltools.gnu-tools-for-stm32.13.3.rel1.win32_1.0.0.202411081344/tools/bin/../lib/gcc/arm-none-eabi/13.3.1/../../../../arm-none-eabi/lib/thumb/v7e-m+fp/hard\libc_nano.a(libc_a-stdio.o)
                              C:/ST/STM32CubeIDE_1.19.0/STM32CubeIDE/plugins/com.st.stm32cube.ide.mcu.externaltools.gnu-tools-for-stm32.13.3.rel1.win32_1.0.0.202411081344/tools/bin/../lib/gcc/arm-none-eabi/13.3.1/../../../../arm-none-eabi/lib/thumb/v7e-m+fp/hard\libc_nano.a(libc_a-findfp.o) (__sread)
C:/ST/STM32CubeIDE_1.19.0/STM32CubeIDE/plugins/com.st.stm32cube.ide.mcu.externaltools.gnu-tools-for-stm32.13.3.rel1.win32_1.0.0.202411081344/tools/bin/../lib/gcc/arm-none-eabi/13.3.1/../../../../arm-none-eabi/lib/thumb/v7e-m+fp/hard\libc_nano.a(libc_a-memset.o)
                              C:/ST/STM32CubeIDE_1.19.0/STM32CubeIDE/plugins/com.st.stm32cube.ide.mcu.externaltools.gnu-tools-for-stm32.13.3.rel1.win32_1.0.0.202411081344/tools/bin/../lib/gcc/arm-none-eabi/13.3.1/../../../../arm-none-eabi/lib/thumb/v7e-m+fp/hard/crt0.o (memset)
C:/ST/STM32CubeIDE_1.19.0/STM32CubeIDE/plugins/com.st.stm32cube.ide.mcu.externaltools.gnu-tools-for-stm32.13.3.rel1.win32_1.0.0.202411081344/tools/bin/../lib/gcc/arm-none-eabi/13.3.1/../../../../arm-none-eabi/lib/thumb/v7e-m+fp/hard\libc_nano.a(libc_a-closer.o)
                              C:/ST/STM32CubeIDE_1.19.0/STM32CubeIDE/plugins/com.st.stm32cube.ide.mcu.externaltools.gnu-tools-for-stm32.13.3.rel1.win32_1.0.0.202411081344/tools/bin/../lib/gcc/arm-none-eabi/13.3.1/../../../../arm-none-eabi/lib/thumb/v7e-m+fp/hard\libc_nano.a(libc_a-stdio.o) (_close_r)
C:/ST/STM32CubeIDE_1.19.0/STM32CubeIDE/plugins/com.st.stm32cube.ide.mcu.externaltools.gnu-tools-for-stm32.13.3.rel1.win32_1.0.0.202411081344/tools/bin/../lib/gcc/arm-none-eabi/13.3.1/../../../../arm-none-eabi/lib/thumb/v7e-m+fp/hard\libc_nano.a(libc_a-reent.o)
                              C:/ST/STM32CubeIDE_1.19.0/STM32CubeIDE/plugins/com.st.stm32cube.ide.mcu.externaltools.gnu-tools-for-stm32.13.3.rel1.win32_1.0.0.202411081344/tools/bin/../lib/gcc/arm-none-eabi/13.3.1/../../../../arm-none-eabi/lib/thumb/v7e-m+fp/hard\libc_nano.a(libc_a-closer.o) (errno)
C:/ST/STM32CubeIDE_1.19.0/STM32CubeIDE/plugins/com.st.stm32cube.ide.mcu.externaltools.gnu-tools-for-stm32.13.3.rel1.win32_1.0.0.202411081344/tools/bin/../lib/gcc/arm-none-eabi/13.3.1/../../../../arm-none-eabi/lib/thumb/v7e-m+fp/hard\libc_nano.a(libc_a-impure.o)
                              C:/ST/STM32CubeIDE_1.19.0/STM32CubeIDE/plugins/com.st.stm32cube.ide.mcu.externaltools.gnu-tools-for-stm32.13.3.rel1.win32_1.0.0.202411081344/tools/bin/../lib/gcc/arm-none-eabi/13.3.1/../../../../arm-none-eabi/lib/thumb/v7e-m+fp/hard\libc_nano.a(libc_a-reent.o) (_impure_ptr)
C:/ST/STM32CubeIDE_1.19.0/STM32CubeIDE/plugins/com.st.stm32cube.ide.mcu.externaltools.gnu-tools-for-stm32.13.3.rel1.win32_1.0.0.202411081344/tools/bin/../lib/gcc/arm-none-eabi/13.3.1/../../../../arm-none-eabi/lib/thumb/v7e-m+fp/hard\libc_nano.a(libc_a-lseekr.o)
[...]
Memory Configuration

Name             Origin             Length             Attributes
RAM              0x20000000         0x00020000         xrw
FLASH            0x08000000         0x00080000         xr
*default*        0x00000000         0xffffffff

Linker script and memory map

LOAD C:/ST/STM32CubeIDE_1.19.0/STM32CubeIDE/plugins/com.st.stm32cube.ide.mcu.externaltools.gnu-tools-for-stm32.13.3.rel1.win32_1.0.0.202411081344/tools/bin/../lib/gcc/arm-none-eabi/13.3.1/thumb/v7e-m+fp/hard/crti.o
LOAD C:/ST/STM32CubeIDE_1.19.0/STM32CubeIDE/plugins/com.st.stm32cube.ide.mcu.externaltools.gnu-tools-for-stm32.13.3.rel1.win32_1.0.0.202411081344/tools/bin/../lib/gcc/arm-none-eabi/13.3.1/thumb/v7e-m+fp/hard/crtbegin.o
LOAD C:/ST/STM32CubeIDE_1.19.0/STM32CubeIDE/plugins/com.st.stm32cube.ide.mcu.externaltools.gnu-tools-for-stm32.13.3.rel1.win32_1.0.0.202411081344/tools/bin/../lib/gcc/arm-none-eabi/13.3.1/../../../../arm-none-eabi/lib/thumb/v7e-m+fp/hard/crt0.o
LOAD ./Application/Startup/startup_stm32g474retx.o
LOAD ./Application/User/main.o
LOAD ./Application/User/stm32g4xx_hal_msp.o
LOAD ./Application/User/stm32g4xx_it.o
LOAD ./Application/User/syscalls.o
LOAD ./Application/User/sysmem.o
LOAD ./Drivers/BSP/STM32G4xx_Nucleo/stm32g4xx_nucleo.o
LOAD ./Drivers/CMSIS/system_stm32g4xx.o
LOAD ./Drivers/STM32G4xx_HAL_Driver/stm32g4xx_hal.o
LOAD ./Drivers/STM32G4xx_HAL_Driver/stm32g4xx_hal_cortex.o
LOAD ./Drivers/STM32G4xx_HAL_Driver/stm32g4xx_hal_dma.o
LOAD ./Drivers/STM32G4xx_HAL_Driver/stm32g4xx_hal_dma_ex.o
LOAD ./Drivers/STM32G4xx_HAL_Driver/stm32g4xx_hal_exti.o
LOAD ./Drivers/STM32G4xx_HAL_Driver/stm32g4xx_hal_flash.o
LOAD ./Drivers/STM32G4xx_HAL_Driver/stm32g4xx_hal_flash_ex.o
LOAD ./Drivers/STM32G4xx_HAL_Driver/stm32g4xx_hal_flash_ramfunc.o
LOAD ./Drivers/STM32G4xx_HAL_Driver/stm32g4xx_hal_gpio.o
LOAD ./Drivers/STM32G4xx_HAL_Driver/stm32g4xx_hal_pwr.o
LOAD ./Drivers/STM32G4xx_HAL_Driver/stm32g4xx_hal_pwr_ex.o
LOAD ./Drivers/STM32G4xx_HAL_Driver/stm32g4xx_hal_rcc.o
LOAD ./Drivers/STM32G4xx_HAL_Driver/stm32g4xx_hal_rcc_ex.o
LOAD ./Drivers/STM32G4xx_HAL_Driver/stm32g4xx_hal_spi.o
LOAD ./Drivers/STM32G4xx_HAL_Driver/stm32g4xx_hal_spi_ex.o
LOAD ./Drivers/STM32G4xx_HAL_Driver/stm32g4xx_hal_uart.o
LOAD ./Drivers/STM32G4xx_HAL_Driver/stm32g4xx_hal_uart_ex.o
START GROUP
LOAD C:/ST/STM32CubeIDE_1.19.0/STM32CubeIDE/plugins/com.st.stm32cube.ide.mcu.externaltools.gnu-tools-for-stm32.13.3.rel1.win32_1.0.0.202411081344/tools/bin/../lib/gcc/arm-none-eabi/13.3.1/../../../../arm-none-eabi/lib/thumb/v7e-m+fp/hard\libc_nano.a
LOAD C:/ST/STM32CubeIDE_1.19.0/STM32CubeIDE/plugins/com.st.stm32cube.ide.mcu.externaltools.gnu-tools-for-stm32.13.3.rel1.win32_1.0.0.202411081344/tools/bin/../lib/gcc/arm-none-eabi/13.3.1/../../../../arm-none-eabi/lib/thumb/v7e-m+fp/hard\libm.a
END GROUP
START GROUP
LOAD C:/ST/STM32CubeIDE_1.19.0/STM32CubeIDE/plugins/com.st.stm32cube.ide.mcu.externaltools.gnu-tools-for-stm32.13.3.rel1.win32_1.0.0.202411081344/tools/bin/../lib/gcc/arm-none-eabi/13.3.1/thumb/v7e-m+fp/hard\libgcc.a
LOAD C:/ST/STM32CubeIDE_1.19.0/STM32CubeIDE/plugins/com.st.stm32cube.ide.mcu.externaltools.gnu-tools-for-stm32.13.3.rel1.win32_1.0.0.202411081344/tools/bin/../lib/gcc/arm-none-eabi/13.3.1/../../../../arm-none-eabi/lib/thumb/v7e-m+fp/hard\libc_nano.a
END GROUP
START GROUP
LOAD C:/ST/STM32CubeIDE_1.19.0/STM32CubeIDE/plugins/com.st.stm32cube.ide.mcu.externaltools.gnu-tools-for-stm32.13.3.rel1.win32_1.0.0.202411081344/tools/bin/../lib/gcc/arm-none-eabi/13.3.1/thumb/v7e-m+fp/hard\libgcc.a
LOAD C:/ST/STM32CubeIDE_1.19.0/STM32CubeIDE/plugins/com.st.stm32cube.ide.mcu.externaltools.gnu-tools-for-stm32.13.3.rel1.win32_1.0.0.202411081344/tools/bin/../lib/gcc/arm-none-eabi/13.3.1/../../../../arm-none-eabi/lib/thumb/v7e-m+fp/hard\libc_nano.a
LOAD C:/ST/STM32CubeIDE_1.19.0/STM32CubeIDE/plugins/com.st.stm32cube.ide.mcu.externaltools.gnu-tools-for-stm32.13.3.rel1.win32_1.0.0.202411081344/tools/bin/../lib/gcc/arm-none-eabi/13.3.1/../../../../arm-none-eabi/lib/thumb/v7e-m+fp/hard\libnosys.a
END GROUP
START GROUP
LOAD C:/ST/STM32CubeIDE_1.19.0/STM32CubeIDE/plugins/com.st.stm32cube.ide.mcu.externaltools.gnu-tools-for-stm32.13.3.rel1.win32_1.0.0.202411081344/tools/bin/../lib/gcc/arm-none-eabi/13.3.1/thumb/v7e-m+fp/hard\libgcc.a
LOAD C:/ST/STM32CubeIDE_1.19.0/STM32CubeIDE/plugins/com.st.stm32cube.ide.mcu.externaltools.gnu-tools-for-stm32.13.3.rel1.win32_1.0.0.202411081344/tools/bin/../lib/gcc/arm-none-eabi/13.3.1/../../../../arm-none-eabi/lib/thumb/v7e-m+fp/hard\libc_nano.a
LOAD C:/ST/STM32CubeIDE_1.19.0/STM32CubeIDE/plugins/com.st.stm32cube.ide.mcu.externaltools.gnu-tools-for-stm32.13.3.rel1.win32_1.0.0.202411081344/tools/bin/../lib/gcc/arm-none-eabi/13.3.1/../../../../arm-none-eabi/lib/thumb/v7e-m+fp/hard\libnosys.a
END GROUP
LOAD C:/ST/STM32CubeIDE_1.19.0/STM32CubeIDE/plugins/com.st.stm32cube.ide.mcu.externaltools.gnu-tools-for-stm32.13.3.rel1.win32_1.0.0.202411081344/tools/bin/../lib/gcc/arm-none-eabi/13.3.1/thumb/v7e-m+fp/hard/crtend.o
LOAD C:/ST/STM32CubeIDE_1.19.0/STM32CubeIDE/plugins/com.st.stm32cube.ide.mcu.externaltools.gnu-tools-for-stm32.13.3.rel1.win32_1.0.0.202411081344/tools/bin/../lib/gcc/arm-none-eabi/13.3.1/thumb/v7e-m+fp/hard/crtn.o
                0x20020000                        _estack = (ORIGIN (RAM) + LENGTH (RAM))
                0x00000200                        _Min_Heap_Size = 0x200
                0x00000400                        _Min_Stack_Size = 0x400

.isr_vector     0x08000000      0x1d8
                0x08000000                        . = ALIGN (0x4)
 *(.isr_vector)
 .isr_vector    0x08000000      0x1d8 ./Application/Startup/startup_stm32g474retx.o
                0x08000000                g_pfnVectors
                0x080001d8                        . = ALIGN (0x4)

.text           0x080001d8     0x24f0
                0x080001d8                        . = ALIGN (0x4)
 *(.text)
 .text          0x080001d8       0x40 C:/ST/STM32CubeIDE_1.19.0/STM32CubeIDE/plugins/com.st.stm32cube.ide.mcu.externaltools.gnu-tools-for-stm32.13.3.rel1.win32_1.0.0.202411081344/tools/bin/../lib/gcc/arm-none-eabi/13.3.1/thumb/v7e-m+fp/hard/crtbegin.o
 *(.text*)
 .text.Reset_Handler
                0x08000218       0x50 ./Application/Startup/startup_stm32g474retx.o
                0x08000218                Reset_Handler
 .text.Default_Handler
                0x08000268        0x2 ./Application/Startup/startup_stm32g474retx.o
                0x08000268                RTC_Alarm_IRQHandler
                0x08000268                EXTI2_IRQHandler
                0x08000268                TIM8_TRG_COM_IRQHandler
                0x08000268                TIM8_CC_IRQHandler
                0x08000268                HRTIM1_Master_IRQHandler
                0x08000268                DebugMon_Handler
                0x08000268                SPI4_IRQHandler
                0x08000268                FDCAN3_IT0_IRQHandler
                0x08000268                TIM1_CC_IRQHandler
                0x08000268                HRTIM1_FLT_IRQHandler
                0x08000268                HRTIM1_TIMF_IRQHandler
                0x08000268                USB_HP_IRQHandler
                0x08000268                CORDIC_IRQHandler
                0x08000268                HRTIM1_TIMD_IRQHandler
                0x08000268                DMA2_Channel8_IRQHandler
                0x08000268                EXTI3_IRQHandler
                0x08000268                I2C3_ER_IRQHandler
                0x08000268                EXTI0_IRQHandler
                0x08000268                I2C2_EV_IRQHandler
                0x08000268                FPU_IRQHandler
                0x08000268                FDCAN1_IT1_IRQHandler
                0x08000268                TIM1_UP_TIM16_IRQHandler
                0x08000268                UsageFault_Handler
                0x08000268                ADC1_2_IRQHandler
                0x08000268                HRTIM1_TIME_IRQHandler
                0x08000268                TIM6_DAC_IRQHandler
                0x08000268                HRTIM1_TIMC_IRQHandler
                0x08000268                TIM8_UP_IRQHandler
                0x08000268                DMA2_Channel2_IRQHandler
                0x08000268                DMA1_Channel4_IRQHandler
                0x08000268                TIM20_TRG_COM_IRQHandler
                0x08000268                USART3_IRQHandler
                0x08000268                DMA1_Channel7_IRQHandler
                0x08000268                UART5_IRQHandler
                0x08000268                ADC3_IRQHandler
                0x08000268                TIM4_IRQHandler
                0x08000268                DMA2_Channel1_IRQHandler
                0x08000268                QUADSPI_IRQHandler
                0x08000268                I2C1_EV_IRQHandler
                0x08000268                DMA1_Channel6_IRQHandler
                0x08000268                UART4_IRQHandler
                0x08000268                DMA2_Channel4_IRQHandler
                0x08000268                TIM3_IRQHandler
                0x08000268                RCC_IRQHandler
                0x08000268                TIM20_UP_IRQHandler
                0x08000268                DMA1_Channel1_IRQHandler
                0x08000268                Default_Handler
                0x08000268                DMA2_Channel7_IRQHandler
                0x08000268                RTC_TAMP_LSECSS_IRQHandler
                0x08000268                FMAC_IRQHandler
                0x08000268                EXTI15_10_IRQHandler
                0x08000268                DMA1_Channel8_IRQHandler
                0x08000268                HRTIM1_TIMA_IRQHandler
                0x08000268                TIM7_DAC_IRQHandler
                0x08000268                FDCAN3_IT1_IRQHandler
                0x08000268                TIM5_IRQHandler
                0x08000268                UCPD1_IRQHandler
                0x08000268                I2C3_EV_IRQHandler
                0x08000268                EXTI9_5_IRQHandler
                0x08000268                RTC_WKUP_IRQHandler
                0x08000268                PVD_PVM_IRQHandler
                0x08000268                SPI2_IRQHandler
                0x08000268                MemManage_Handler
                0x08000268                ADC5_IRQHandler
                0x08000268                DMA2_Channel5_IRQHandler
                0x08000268                CRS_IRQHandler
                0x08000268                DMA1_Channel5_IRQHandler
                0x08000268                USB_LP_IRQHandler
                0x08000268                EXTI4_IRQHandler
                0x08000268                RNG_IRQHandler
                0x08000268                HRTIM1_TIMB_IRQHandler
                0x08000268                TIM1_TRG_COM_TIM17_IRQHandler
                0x08000268                FDCAN2_IT1_IRQHandler
                0x08000268                DMA1_Channel3_IRQHandler
                0x08000268                ADC4_IRQHandler
                0x08000268                WWDG_IRQHandler
                0x08000268                I2C4_EV_IRQHandler
                0x08000268                FDCAN2_IT0_IRQHandler
                0x08000268                LPUART1_IRQHandler
                0x08000268                DMA2_Channel6_IRQHandler
                0x08000268                FDCAN1_IT0_IRQHandler
                0x08000268                TIM2_IRQHandler
                0x08000268                COMP7_IRQHandler
                0x08000268                COMP1_2_3_IRQHandler
                0x08000268                EXTI1_IRQHandler
                0x08000268                USART2_IRQHandler
                0x08000268                COMP4_5_6_IRQHandler
                0x08000268                TIM20_BRK_IRQHandler
                0x08000268                I2C2_ER_IRQHandler
                0x08000268                DMA1_Channel2_IRQHandler
                0x08000268                TIM8_BRK_IRQHandler
                0x08000268                FLASH_IRQHandler
                0x08000268                TIM20_CC_IRQHandler
                0x08000268                BusFault_Handler
                0x08000268                USART1_IRQHandler
                0x08000268                SPI3_IRQHandler
                0x08000268                I2C1_ER_IRQHandler
                0x08000268                FMC_IRQHandler
                0x08000268                LPTIM1_IRQHandler
                0x08000268                DMAMUX_OVR_IRQHandler
                0x08000268                I2C4_ER_IRQHandler
                0x08000268                USBWakeUp_IRQHandler
                0x08000268                SAI1_IRQHandler
                0x08000268                DMA2_Channel3_IRQHandler
                0x08000268                TIM1_BRK_TIM15_IRQHandler
 *fill*         0x0800026a        0x2 
 .text.SPI1_TEST_SEND
                0x0800026c       0x24 ./Application/User/main.o
                0x0800026c                SPI1_TEST_SEND
 .text.main     0x08000290       0x98 ./Application/User/main.o
                0x08000290                main
 .text.SystemClock_Config
                0x08000328       0x96 ./Application/User/main.o
                0x08000328                SystemClock_Config
 *fill*         0x080003be        0x2 
 .text.MX_SPI1_Init
                0x080003c0       0x74 ./Application/User/main.o
 .text.MX_GPIO_Init
                0x08000434       0x48 ./Application/User/main.o
 .text.HAL_SPI_TxRxCpltCallback
                0x0800047c       0x2c ./Application/User/main.o
                0x0800047c                HAL_SPI_TxRxCpltCallback
 .text.HAL_SPI_ErrorCallback
                0x080004a8       0x20 ./Application/User/main.o
                0x080004a8                HAL_SPI_ErrorCallback
 .text.Error_Handler
                0x080004c8       0x16 ./Application/User/main.o
                0x080004c8                Error_Handler
 *fill*         0x080004de        0x2 
 .text.HAL_MspInit
                0x080004e0       0x48 ./Application/User/stm32g4xx_hal_msp.o
                0x080004e0                HAL_MspInit
 .text.HAL_SPI_MspInit
                0x08000528       0xf0 ./Application/User/stm32g4xx_hal_msp.o
                0x08000528                HAL_SPI_MspInit
 .text.NMI_Handler
                0x08000618        0xe ./Application/User/stm32g4xx_it.o
                0x08000618                NMI_Handler
 .text.HardFault_Handler
                0x08000626        0x8 ./Application/User/stm32g4xx_it.o
                0x08000626                HardFault_Handler
 .text.SVC_Handler
                0x0800062e        0xe ./Application/User/stm32g4xx_it.o
                0x0800062e                SVC_Handler
 .text.PendSV_Handler
                0x0800063c        0xe ./Application/User/stm32g4xx_it.o
                0x0800063c                PendSV_Handler
 .text.SysTick_Handler
                0x0800064a        0xc ./Application/User/stm32g4xx_it.o
                0x0800064a                SysTick_Handler
 *fill*         0x08000656        0x2 
 .text.SPI1_IRQHandler
                0x08000658       0x14 ./Application/User/stm32g4xx_it.o
                0x08000658                SPI1_IRQHandler
 .text.BSP_LED_Init
                0x0800066c       0x6c ./Drivers/BSP/STM32G4xx_Nucleo/stm32g4xx_nucleo.o
                0x0800066c                BSP_LED_Init
 .text.BSP_LED_Toggle
                0x080006d8       0x2c ./Drivers/BSP/STM32G4xx_Nucleo/stm32g4xx_nucleo.o
                0x080006d8                BSP_LED_Toggle
 .text.SystemInit
                0x08000704       0x2c ./Drivers/CMSIS/system_stm32g4xx.o
                0x08000704                SystemInit
 .text.HAL_Init
                0x08000730       0x30 ./Drivers/STM32G4xx_HAL_Driver/stm32g4xx_hal.o
                0x08000730                HAL_Init
 .text.HAL_InitTick
                0x08000760       0x74 ./Drivers/STM32G4xx_HAL_Driver/stm32g4xx_hal.o
                0x08000760                HAL_InitTick
 .text.HAL_IncTick
                0x080007d4       0x24 ./Drivers/STM32G4xx_HAL_Driver/stm32g4xx_hal.o
                0x080007d4                HAL_IncTick
 .text.HAL_GetTick
                0x080007f8       0x18 ./Drivers/STM32G4xx_HAL_Driver/stm32g4xx_hal.o
                0x080007f8                HAL_GetTick
 .text.HAL_Delay
                0x08000810       0x44 ./Drivers/STM32G4xx_HAL_Driver/stm32g4xx_hal.o
                0x08000810                HAL_Delay
 .text.__NVIC_SetPriorityGrouping
                0x08000854       0x48 ./Drivers/STM32G4xx_HAL_Driver/stm32g4xx_hal_cortex.o
 .text.__NVIC_GetPriorityGrouping
                0x0800089c       0x1c ./Drivers/STM32G4xx_HAL_Driver/stm32g4xx_hal_cortex.o
 .text.__NVIC_EnableIRQ
                0x080008b8       0x3c ./Drivers/STM32G4xx_HAL_Driver/stm32g4xx_hal_cortex.o
 .text.__NVIC_SetPriority
                0x080008f4       0x54 ./Drivers/STM32G4xx_HAL_Driver/stm32g4xx_hal_cortex.o
 .text.NVIC_EncodePriority
                0x08000948       0x66 ./Drivers/STM32G4xx_HAL_Driver/stm32g4xx_hal_cortex.o
 *fill*         0x080009ae        0x2 
 .text.SysTick_Config
                0x080009b0       0x44 ./Drivers/STM32G4xx_HAL_Driver/stm32g4xx_hal_cortex.o
 .text.HAL_NVIC_SetPriorityGrouping
                0x080009f4       0x16 ./Drivers/STM32G4xx_HAL_Driver/stm32g4xx_hal_cortex.o
                0x080009f4                HAL_NVIC_SetPriorityGrouping
 .text.HAL_NVIC_SetPriority
                0x08000a0a       0x34 ./Drivers/STM32G4xx_HAL_Driver/stm32g4xx_hal_cortex.o
                0x08000a0a                HAL_NVIC_SetPriority
 .text.HAL_NVIC_EnableIRQ
                0x08000a3e       0x1c ./Drivers/STM32G4xx_HAL_Driver/stm32g4xx_hal_cortex.o
                0x08000a3e                HAL_NVIC_EnableIRQ
 .text.HAL_SYSTICK_Config
                0x08000a5a       0x18 ./Drivers/STM32G4xx_HAL_Driver/stm32g4xx_hal_cortex.o
                0x08000a5a                HAL_SYSTICK_Config
 .text.HAL_DMA_Abort_IT
                0x08000a72       0xce ./Drivers/STM32G4xx_HAL_Driver/stm32g4xx_hal_dma.o
                0x08000a72                HAL_DMA_Abort_IT
 .text.HAL_GPIO_Init
                0x08000b40      0x304 ./Drivers/STM32G4xx_HAL_Driver/stm32g4xx_hal_gpio.o
                0x08000b40                HAL_GPIO_Init
 .text.HAL_GPIO_WritePin
                0x08000e44       0x30 ./Drivers/STM32G4xx_HAL_Driver/stm32g4xx_hal_gpio.o
                0x08000e44                HAL_GPIO_WritePin
 .text.HAL_GPIO_TogglePin
                0x08000e74       0x34 ./Drivers/STM32G4xx_HAL_Driver/stm32g4xx_hal_gpio.o
                0x08000e74                HAL_GPIO_TogglePin
 .text.HAL_PWREx_ControlVoltageScaling
                0x08000ea8      0x148 ./Drivers/STM32G4xx_HAL_Driver/stm32g4xx_hal_pwr_ex.o
                0x08000ea8                HAL_PWREx_ControlVoltageScaling
 .text.HAL_PWREx_DisableUCPDDeadBattery
                0x08000ff0       0x20 ./Drivers/STM32G4xx_HAL_Driver/stm32g4xx_hal_pwr_ex.o
                0x08000ff0                HAL_PWREx_DisableUCPDDeadBattery
 .text.HAL_RCC_OscConfig
                0x08001010      0x624 ./Drivers/STM32G4xx_HAL_Driver/stm32g4xx_hal_rcc.o
                0x08001010                HAL_RCC_OscConfig
 .text.HAL_RCC_ClockConfig
                0x08001634      0x278 ./Drivers/STM32G4xx_HAL_Driver/stm32g4xx_hal_rcc.o
                0x08001634                HAL_RCC_ClockConfig
 .text.HAL_RCC_GetSysClockFreq
                0x080018ac       0xc4 ./Drivers/STM32G4xx_HAL_Driver/stm32g4xx_hal_rcc.o
                0x080018ac                HAL_RCC_GetSysClockFreq
 .text.RCC_GetSysClockFreqFromPLLSource
                0x08001970       0x8c ./Drivers/STM32G4xx_HAL_Driver/stm32g4xx_hal_rcc.o
 .text.HAL_SPI_Init
                0x080019fc      0x1a8 ./Drivers/STM32G4xx_HAL_Driver/stm32g4xx_hal_spi.o
                0x080019fc                HAL_SPI_Init
 .text.HAL_SPI_TransmitReceive_IT
                0x08001ba4      0x1a4 ./Drivers/STM32G4xx_HAL_Driver/stm32g4xx_hal_spi.o
                0x08001ba4                HAL_SPI_TransmitReceive_IT
 .text.HAL_SPI_IRQHandler
                0x08001d48      0x200 ./Drivers/STM32G4xx_HAL_Driver/stm32g4xx_hal_spi.o
                0x08001d48                HAL_SPI_IRQHandler
 .text.HAL_SPI_RxCpltCallback
                0x08001f48       0x14 ./Drivers/STM32G4xx_HAL_Driver/stm32g4xx_hal_spi.o
                0x08001f48                HAL_SPI_RxCpltCallback
 .text.HAL_SPI_GetState
                0x08001f5c       0x1c ./Drivers/STM32G4xx_HAL_Driver/stm32g4xx_hal_spi.o
                0x08001f5c                HAL_SPI_GetState
 .text.SPI_DMAAbortOnError
                0x08001f78       0x2a ./Drivers/STM32G4xx_HAL_Driver/stm32g4xx_hal_spi.o
 *fill*         0x08001fa2        0x2 
 .text.SPI_2linesRxISR_8BIT
                0x08001fa4       0xe4 ./Drivers/STM32G4xx_HAL_Driver/stm32g4xx_hal_spi.o
 .text.SPI_2linesRxISR_8BITCRC
                0x08002088       0x58 ./Drivers/STM32G4xx_HAL_Driver/stm32g4xx_hal_spi.o
 .text.SPI_2linesTxISR_8BIT
                0x080020e0       0xbc ./Drivers/STM32G4xx_HAL_Driver/stm32g4xx_hal_spi.o
 .text.SPI_2linesRxISR_16BIT
                0x0800219c       0x7c ./Drivers/STM32G4xx_HAL_Driver/stm32g4xx_hal_spi.o
 .text.SPI_2linesRxISR_16BITCRC
                0x08002218       0x34 ./Drivers/STM32G4xx_HAL_Driver/stm32g4xx_hal_spi.o
 .text.SPI_2linesTxISR_16BIT
                0x0800224c       0x8a ./Drivers/STM32G4xx_HAL_Driver/stm32g4xx_hal_spi.o
 *fill*         0x080022d6        0x2 
 .text.SPI_WaitFlagStateUntilTimeout
                0x080022d8      0x110 ./Drivers/STM32G4xx_HAL_Driver/stm32g4xx_hal_spi.o
 .text.SPI_WaitFifoStateUntilTimeout
                0x080023e8      0x12c ./Drivers/STM32G4xx_HAL_Driver/stm32g4xx_hal_spi.o
 .text.SPI_EndRxTxTransaction
                0x08002514       0x8c ./Drivers/STM32G4xx_HAL_Driver/stm32g4xx_hal_spi.o
 .text.SPI_CloseRxTx_ISR
                0x080025a0       0xb8 ./Drivers/STM32G4xx_HAL_Driver/stm32g4xx_hal_spi.o
 .text.memset   0x08002658       0x10 C:/ST/STM32CubeIDE_1.19.0/STM32CubeIDE/plugins/com.st.stm32cube.ide.mcu.externaltools.gnu-tools-for-stm32.13.3.rel1.win32_1.0.0.202411081344/tools/bin/../lib/gcc/arm-none-eabi/13.3.1/../../../../arm-none-eabi/lib/thumb/v7e-m+fp/hard\libc_nano.a(libc_a-memset.o)
                0x08002658                memset
 .text.__libc_init_array
                0x08002668       0x48 C:/ST/STM32CubeIDE_1.19.0/STM32CubeIDE/plugins/com.st.stm32cube.ide.mcu.externaltools.gnu-tools-for-stm32.13.3.rel1.win32_1.0.0.202411081344/tools/bin/../lib/gcc/arm-none-eabi/13.3.1/../../../../arm-none-eabi/lib/thumb/v7e-m+fp/hard\libc_nano.a(libc_a-init.o)
                0x08002668                __libc_init_array
 *(.glue_7)
 .glue_7        0x080026b0        0x0 linker stubs
 *(.glue_7t)
 .glue_7t       0x080026b0        0x0 linker stubs
 *(.eh_frame)
 .eh_frame      0x080026b0        0x0 C:/ST/STM32CubeIDE_1.19.0/STM32CubeIDE/plugins/com.st.stm32cube.ide.mcu.externaltools.gnu-tools-for-stm32.13.3.rel1.win32_1.0.0.202411081344/tools/bin/../lib/gcc/arm-none-eabi/13.3.1/thumb/v7e-m+fp/hard/crtbegin.o
 *(.init)
 .init          0x080026b0        0x4 C:/ST/STM32CubeIDE_1.19.0/STM32CubeIDE/plugins/com.st.stm32cube.ide.mcu.externaltools.gnu-tools-for-stm32.13.3.rel1.win32_1.0.0.202411081344/tools/bin/../lib/gcc/arm-none-eabi/13.3.1/thumb/v7e-m+fp/hard/crti.o
                0x080026b0                _init
 .init          0x080026b4        0x8 C:/ST/STM32CubeIDE_1.19.0/STM32CubeIDE/plugins/com.st.stm32cube.ide.mcu.externaltools.gnu-tools-for-stm32.13.3.rel1.win32_1.0.0.202411081344/tools/bin/../lib/gcc/arm-none-eabi/13.3.1/thumb/v7e-m+fp/hard/crtn.o
 *(.fini)
 .fini          0x080026bc        0x4 C:/ST/STM32CubeIDE_1.19.0/STM32CubeIDE/plugins/com.st.stm32cube.ide.mcu.externaltools.gnu-tools-for-stm32.13.3.rel1.win32_1.0.0.202411081344/tools/bin/../lib/gcc/arm-none-eabi/13.3.1/thumb/v7e-m+fp/hard/crti.o
                0x080026bc                _fini
 .fini          0x080026c0        0x8 C:/ST/STM32CubeIDE_1.19.0/STM32CubeIDE/plugins/com.st.stm32cube.ide.mcu.externaltools.gnu-tools-for-stm32.13.3.rel1.win32_1.0.0.202411081344/tools/bin/../lib/gcc/arm-none-eabi/13.3.1/thumb/v7e-m+fp/hard/crtn.o
                0x080026c8                        . = ALIGN (0x4)
                0x080026c8                        _etext = .

.vfp11_veneer   0x080026c8        0x0
 .vfp11_veneer  0x080026c8        0x0 linker stubs

.v4_bx          0x080026c8        0x0
 .v4_bx         0x080026c8        0x0 linker stubs

.iplt           0x080026c8        0x0
 .iplt          0x080026c8        0x0 C:/ST/STM32CubeIDE_1.19.0/STM32CubeIDE/plugins/com.st.stm32cube.ide.mcu.externaltools.gnu-tools-for-stm32.13.3.rel1.win32_1.0.0.202411081344/tools/bin/../lib/gcc/arm-none-eabi/13.3.1/thumb/v7e-m+fp/hard/crtbegin.o

.rodata         0x080026c8       0x10
                0x080026c8                        . = ALIGN (0x4)
 *(.rodata)
 *(.rodata*)
 .rodata.AHBPrescTable
                0x080026c8       0x10 ./Drivers/CMSIS/system_stm32g4xx.o
                0x080026c8                AHBPrescTable
                0x080026d8                        . = ALIGN (0x4)

.ARM.extab      0x080026d8        0x0
                0x080026d8                        . = ALIGN (0x4)
 *(.ARM.extab* .gnu.linkonce.armextab.*)
                0x080026d8                        . = ALIGN (0x4)

.ARM            0x080026d8        0x0
                0x080026d8                        . = ALIGN (0x4)
                0x080026d8                        __exidx_start = .
 *(.ARM.exidx*)
                0x080026d8                        __exidx_end = .
                0x080026d8                        . = ALIGN (0x4)

.preinit_array  0x080026d8        0x0
                0x080026d8                        . = ALIGN (0x4)
                0x080026d8                        PROVIDE (__preinit_array_start = .)
 *(.preinit_array*)
                0x080026d8                        PROVIDE (__preinit_array_end = .)
                0x080026d8                        . = ALIGN (0x4)

.init_array     0x080026d8        0x4
                0x080026d8                        . = ALIGN (0x4)
                0x080026d8                        PROVIDE (__init_array_start = .)
 *(SORT_BY_NAME(.init_array.*))
 *(.init_array*)
 .init_array    0x080026d8        0x4 C:/ST/STM32CubeIDE_1.19.0/STM32CubeIDE/plugins/com.st.stm32cube.ide.mcu.externaltools.gnu-tools-for-stm32.13.3.rel1.win32_1.0.0.202411081344/tools/bin/../lib/gcc/arm-none-eabi/13.3.1/thumb/v7e-m+fp/hard/crtbegin.o
                0x080026dc                        PROVIDE (__init_array_end = .)
                0x080026dc                        . = ALIGN (0x4)

.fini_array     0x080026dc        0x4
                0x080026dc                        . = ALIGN (0x4)
                [!provide]                        PROVIDE (__fini_array_start = .)
 *(SORT_BY_NAME(.fini_array.*))
 *(.fini_array*)
 .fini_array    0x080026dc        0x4 C:/ST/STM32CubeIDE_1.19.0/STM32CubeIDE/plugins/com.st.stm32cube.ide.mcu.externaltools.gnu-tools-for-stm32.13.3.rel1.win32_1.0.0.202411081344/tools/bin/../lib/gcc/arm-none-eabi/13.3.1/thumb/v7e-m+fp/hard/crtbegin.o
                [!provide]                        PROVIDE (__fini_array_end = .)
                0x080026e0                        . = ALIGN (0x4)
                0x080026e0                        _sidata = LOADADDR (.data)

.rel.dyn        0x080026e0        0x0
 .rel.iplt      0x080026e0        0x0 C:/ST/STM32CubeIDE_1.19.0/STM32CubeIDE/plugins/com.st.stm32cube.ide.mcu.externaltools.gnu-tools-for-stm32.13.3.rel1.win32_1.0.0.202411081344/tools/bin/../lib/gcc/arm-none-eabi/13.3.1/thumb/v7e-m+fp/hard/crtbegin.o

.data           0x20000000       0x8c load address 0x080026e0
                0x20000000                        . = ALIGN (0x4)
                0x20000000                        _sdata = .
 *(.data)
 *(.data*)
 .data.aTxBuffer
                0x20000000       0x76 ./Application/User/main.o
                0x20000000                aTxBuffer
 *fill*         0x20000076        0x2 
 .data.Transfer_Init
                0x20000078        0x4 ./Application/User/main.o
                0x20000078                Transfer_Init
 .data.LED_PORT
                0x2000007c        0x4 ./Drivers/BSP/STM32G4xx_Nucleo/stm32g4xx_nucleo.o
 .data.SystemCoreClock
                0x20000080        0x4 ./Drivers/CMSIS/system_stm32g4xx.o
                0x20000080                SystemCoreClock
 .data.uwTickPrio
                0x20000084        0x4 ./Drivers/STM32G4xx_HAL_Driver/stm32g4xx_hal.o
                0x20000084                uwTickPrio
 .data.uwTickFreq
                0x20000088        0x4 ./Drivers/STM32G4xx_HAL_Driver/stm32g4xx_hal.o
                0x20000088                uwTickFreq
                0x2000008c                        . = ALIGN (0x4)
                0x2000008c                        _edata = .

.igot.plt       0x2000008c        0x0 load address 0x0800276c
 .igot.plt      0x2000008c        0x0 C:/ST/STM32CubeIDE_1.19.0/STM32CubeIDE/plugins/com.st.stm32cube.ide.mcu.externaltools.gnu-tools-for-stm32.13.3.rel1.win32_1.0.0.202411081344/tools/bin/../lib/gcc/arm-none-eabi/13.3.1/thumb/v7e-m+fp/hard/crtbegin.o
                0x2000008c                        . = ALIGN (0x4)

.bss            0x2000008c      0x10c load address 0x0800276c
                0x2000008c                        _sbss = .
                0x2000008c                        __bss_start__ = _sbss
 *(.bss)
 .bss           0x2000008c       0x1c C:/ST/STM32CubeIDE_1.19.0/STM32CubeIDE/plugins/com.st.stm32cube.ide.mcu.externaltools.gnu-tools-for-stm32.13.3.rel1.win32_1.0.0.202411081344/tools/bin/../lib/gcc/arm-none-eabi/13.3.1/thumb/v7e-m+fp/hard/crtbegin.o
 *(.bss*)
 .bss.hspi1     0x200000a8       0x64 ./Application/User/main.o
                0x200000a8                hspi1
 .bss.aRxBuffer
                0x2000010c       0x75 ./Application/User/main.o
                0x2000010c                aRxBuffer
 *fill*         0x20000181        0x3 
 .bss.Transfer_Error_Counter
                0x20000184        0x4 ./Application/User/main.o
                0x20000184                Transfer_Error_Counter
 .bss.Transfer_Process_Counter
                0x20000188        0x4 ./Application/User/main.o
                0x20000188                Transfer_Process_Counter
 .bss.wTransferState
                0x2000018c        0x4 ./Application/User/main.o
                0x2000018c                wTransferState
 .bss.callbacks.0
                0x20000190        0x4 ./Application/User/main.o
 .bss.uwTick    0x20000194        0x4 ./Drivers/STM32G4xx_HAL_Driver/stm32g4xx_hal.o
                0x20000194                uwTick
 *(COMMON)
                0x20000198                        . = ALIGN (0x4)
                0x20000198                        _ebss = .
                0x20000198                        __bss_end__ = _ebss

._user_heap_stack
                0x20000198      0x600 load address 0x0800276c
                0x20000198                        . = ALIGN (0x8)
                [!provide]                        PROVIDE (end = .)
                0x20000198                        PROVIDE (_end = .)
                0x20000398                        . = (. + _Min_Heap_Size)
 *fill*         0x20000198      0x200 
                0x20000798                        . = (. + _Min_Stack_Size)
 *fill*         0x20000398      0x400 
                0x20000798                        . = ALIGN (0x8)

/DISCARD/
 libc.a(*)
 libm.a(*)
 libgcc.a(*)

.ARM.attributes
                0x00000000       0x30
 *(.ARM.attributes)
 .ARM.attributes
                0x00000000       0x22 C:/ST/STM32CubeIDE_1.19.0/STM32CubeIDE/plugins/com.st.stm32cube.ide.mcu.externaltools.gnu-tools-for-stm32.13.3.rel1.win32_1.0.0.202411081344/tools/bin/../lib/gcc/arm-none-eabi/13.3.1/thumb/v7e-m+fp/hard/crti.o
 .ARM.attributes
                0x00000022       0x34 C:/ST/STM32CubeIDE_1.19.0/STM32CubeIDE/plugins/com.st.stm32cube.ide.mcu.externaltools.gnu-tools-for-stm32.13.3.rel1.win32_1.0.0.202411081344/tools/bin/../lib/gcc/arm-none-eabi/13.3.1/thumb/v7e-m+fp/hard/crtbegin.o
 .ARM.attributes
                0x00000056       0x21 ./Application/Startup/startup_stm32g474retx.o
 .ARM.attributes
                0x00000077       0x34 ./Application/User/main.o
 .ARM.attributes
                0x000000ab       0x34 ./Application/User/stm32g4xx_hal_msp.o
 .ARM.attributes
                0x000000df       0x34 ./Application/User/stm32g4xx_it.o
 .ARM.attributes
                0x00000113       0x34 ./Drivers/BSP/STM32G4xx_Nucleo/stm32g4xx_nucleo.o
 .ARM.attributes
                0x00000147       0x34 ./Drivers/CMSIS/system_stm32g4xx.o
 .ARM.attributes
                0x0000017b       0x34 ./Drivers/STM32G4xx_HAL_Driver/stm32g4xx_hal.o
 .ARM.attributes
                0x000001af       0x34 ./Drivers/STM32G4xx_HAL_Driver/stm32g4xx_hal_cortex.o
 .ARM.attributes
                0x000001e3       0x34 ./Drivers/STM32G4xx_HAL_Driver/stm32g4xx_hal_dma.o
 .ARM.attributes
                0x00000217       0x34 ./Drivers/STM32G4xx_HAL_Driver/stm32g4xx_hal_gpio.o
 .ARM.attributes
                0x0000024b       0x34 ./Drivers/STM32G4xx_HAL_Driver/stm32g4xx_hal_pwr_ex.o
 .ARM.attributes
                0x0000027f       0x34 ./Drivers/STM32G4xx_HAL_Driver/stm32g4xx_hal_rcc.o
 .ARM.attributes
                0x000002b3       0x34 ./Drivers/STM32G4xx_HAL_Driver/stm32g4xx_hal_spi.o
 .ARM.attributes
                0x000002e7       0x34 C:/ST/STM32CubeIDE_1.19.0/STM32CubeIDE/plugins/com.st.stm32cube.ide.mcu.externaltools.gnu-tools-for-stm32.13.3.rel1.win32_1.0.0.202411081344/tools/bin/../lib/gcc/arm-none-eabi/13.3.1/../../../../arm-none-eabi/lib/thumb/v7e-m+fp/hard\libc_nano.a(libc_a-memset.o)
 .ARM.attributes
                0x0000031b       0x34 C:/ST/STM32CubeIDE_1.19.0/STM32CubeIDE/plugins/com.st.stm32cube.ide.mcu.externaltools.gnu-tools-for-stm32.13.3.rel1.win32_1.0.0.202411081344/tools/bin/../lib/gcc/arm-none-eabi/13.3.1/../../../../arm-none-eabi/lib/thumb/v7e-m+fp/hard\libc_nano.a(libc_a-init.o)
 .ARM.attributes
                0x0000034f       0x22 C:/ST/STM32CubeIDE_1.19.0/STM32CubeIDE/plugins/com.st.stm32cube.ide.mcu.externaltools.gnu-tools-for-stm32.13.3.rel1.win32_1.0.0.202411081344/tools/bin/../lib/gcc/arm-none-eabi/13.3.1/thumb/v7e-m+fp/hard/crtn.o
OUTPUT(SPI_FullDuplex_ComIT_Slave.elf elf32-littlearm)
LOAD linker stubs
LOAD C:/ST/STM32CubeIDE_1.19.0/STM32CubeIDE/plugins/com.st.stm32cube.ide.mcu.externaltools.gnu-tools-for-stm32.13.3.rel1.win32_1.0.0.202411081344/tools/bin/../lib/gcc/arm-none-eabi/13.3.1/../../../../arm-none-eabi/lib/thumb/v7e-m+fp/hard\libc.a
LOAD C:/ST/STM32CubeIDE_1.19.0/STM32CubeIDE/plugins/com.st.stm32cube.ide.mcu.externaltools.gnu-tools-for-stm32.13.3.rel1.win32_1.0.0.202411081344/tools/bin/../lib/gcc/arm-none-eabi/13.3.1/../../../../arm-none-eabi/lib/thumb/v7e-m+fp/hard\libm.a
LOAD C:/ST/STM32CubeIDE_1.19.0/STM32CubeIDE/plugins/com.st.stm32cube.ide.mcu.externaltools.gnu-tools-for-stm32.13.3.rel1.win32_1.0.0.202411081344/tools/bin/../lib/gcc/arm-none-eabi/13.3.1/thumb/v7e-m+fp/hard\libgcc.a

.debug_line     0x00000000     0xa399
 .debug_line    0x00000000       0x7b ./Application/Startup/startup_stm32g474retx.o
 .debug_line    0x0000007b      0x99d ./Application/User/main.o
 .debug_line    0x00000a18      0x888 ./Application/User/stm32g4xx_hal_msp.o
 .debug_line    0x000012a0      0x886 ./Application/User/stm32g4xx_it.o
 .debug_line    0x00001b26      0x9e2 ./Drivers/BSP/STM32G4xx_Nucleo/stm32g4xx_nucleo.o
 .debug_line    0x00002508      0x816 ./Drivers/CMSIS/system_stm32g4xx.o
 .debug_line    0x00002d1e      0xbe1 ./Drivers/STM32G4xx_HAL_Driver/stm32g4xx_hal.o
 .debug_line    0x000038ff      0xd46 ./Drivers/STM32G4xx_HAL_Driver/stm32g4xx_hal_cortex.o
 .debug_line    0x00004645      0xee0 ./Drivers/STM32G4xx_HAL_Driver/stm32g4xx_hal_dma.o
 .debug_line    0x00005525      0xbba ./Drivers/STM32G4xx_HAL_Driver/stm32g4xx_hal_gpio.o
 .debug_line    0x000060df      0xd40 ./Drivers/STM32G4xx_HAL_Driver/stm32g4xx_hal_pwr_ex.o
 .debug_line    0x00006e1f     0x1064 ./Drivers/STM32G4xx_HAL_Driver/stm32g4xx_hal_rcc.o
 .debug_line    0x00007e83     0x2516 ./Drivers/STM32G4xx_HAL_Driver/stm32g4xx_hal_spi.o

.debug_line_str
                0x00000000       0x82
 .debug_line_str
                0x00000000       0x82 ./Application/Startup/startup_stm32g474retx.o

.debug_info     0x00000000     0x8bb7
 .debug_info    0x00000000       0x30 ./Application/Startup/startup_stm32g474retx.o
 .debug_info    0x00000030      0xddc ./Application/User/main.o
 .debug_info    0x00000e0c      0xdde ./Application/User/stm32g4xx_hal_msp.o
 .debug_info    0x00001bea      0x727 ./Application/User/stm32g4xx_it.o
 .debug_info    0x00002311      0xc6d ./Drivers/BSP/STM32G4xx_Nucleo/stm32g4xx_nucleo.o
 .debug_info    0x00002f7e      0x58e ./Drivers/CMSIS/system_stm32g4xx.o
 .debug_info    0x0000350c      0xb95 ./Drivers/STM32G4xx_HAL_Driver/stm32g4xx_hal.o
 .debug_info    0x000040a1      0xdf9 ./Drivers/STM32G4xx_HAL_Driver/stm32g4xx_hal_cortex.o
 .debug_info    0x00004e9a      0x85f ./Drivers/STM32G4xx_HAL_Driver/stm32g4xx_hal_dma.o
 .debug_info    0x000056f9      0x763 ./Drivers/STM32G4xx_HAL_Driver/stm32g4xx_hal_gpio.o
 .debug_info    0x00005e5c      0x93f ./Drivers/STM32G4xx_HAL_Driver/stm32g4xx_hal_pwr_ex.o
 .debug_info    0x0000679b      0xbe0 ./Drivers/STM32G4xx_HAL_Driver/stm32g4xx_hal_rcc.o
 .debug_info    0x0000737b     0x183c ./Drivers/STM32G4xx_HAL_Driver/stm32g4xx_hal_spi.o

.debug_abbrev   0x00000000     0x1a33
 .debug_abbrev  0x00000000       0x24 ./Application/Startup/startup_stm32g474retx.o
 .debug_abbrev  0x00000024      0x2c0 ./Application/User/main.o
 .debug_abbrev  0x000002e4      0x1c3 ./Application/User/stm32g4xx_hal_msp.o
 .debug_abbrev  0x000004a7      0x184 ./Application/User/stm32g4xx_it.o
 .debug_abbrev  0x0000062b      0x262 ./Drivers/BSP/STM32G4xx_Nucleo/stm32g4xx_nucleo.o
 .debug_abbrev  0x0000088d      0x11a ./Drivers/CMSIS/system_stm32g4xx.o
 .debug_abbrev  0x000009a7      0x271 ./Drivers/STM32G4xx_HAL_Driver/stm32g4xx_hal.o
 .debug_abbrev  0x00000c18      0x31c ./Drivers/STM32G4xx_HAL_Driver/stm32g4xx_hal_cortex.o
 .debug_abbrev  0x00000f34      0x1e2 ./Drivers/STM32G4xx_HAL_Driver/stm32g4xx_hal_dma.o
 .debug_abbrev  0x00001116      0x1cb ./Drivers/STM32G4xx_HAL_Driver/stm32g4xx_hal_gpio.o
 .debug_abbrev  0x000012e1      0x22c ./Drivers/STM32G4xx_HAL_Driver/stm32g4xx_hal_pwr_ex.o
 .debug_abbrev  0x0000150d      0x2c9 ./Drivers/STM32G4xx_HAL_Driver/stm32g4xx_hal_rcc.o
 .debug_abbrev  0x000017d6      0x25d ./Drivers/STM32G4xx_HAL_Driver/stm32g4xx_hal_spi.o

.debug_aranges  0x00000000      0x8e0
 .debug_aranges
                0x00000000       0x28 ./Application/Startup/startup_stm32g474retx.o
 .debug_aranges
                0x00000028       0x60 ./Application/User/main.o
 .debug_aranges
                0x00000088       0x30 ./Application/User/stm32g4xx_hal_msp.o
 .debug_aranges
                0x000000b8       0x48 ./Application/User/stm32g4xx_it.o
 .debug_aranges
                0x00000100       0x90 ./Drivers/BSP/STM32G4xx_Nucleo/stm32g4xx_nucleo.o
 .debug_aranges
                0x00000190       0x28 ./Drivers/CMSIS/system_stm32g4xx.o
 .debug_aranges
                0x000001b8      0x148 ./Drivers/STM32G4xx_HAL_Driver/stm32g4xx_hal.o
 .debug_aranges
                0x00000300      0x128 ./Drivers/STM32G4xx_HAL_Driver/stm32g4xx_hal_cortex.o
 .debug_aranges
                0x00000428       0x90 ./Drivers/STM32G4xx_HAL_Driver/stm32g4xx_hal_dma.o
 .debug_aranges
                0x000004b8       0x58 ./Drivers/STM32G4xx_HAL_Driver/stm32g4xx_hal_gpio.o
 .debug_aranges
                0x00000510      0x140 ./Drivers/STM32G4xx_HAL_Driver/stm32g4xx_hal_pwr_ex.o
 .debug_aranges
                0x00000650       0x98 ./Drivers/STM32G4xx_HAL_Driver/stm32g4xx_hal_rcc.o
 .debug_aranges
                0x000006e8      0x1f8 ./Drivers/STM32G4xx_HAL_Driver/stm32g4xx_hal_spi.o

.debug_str      0x00000000    0xe7724
 .debug_str     0x00000000    0xe7724 ./Application/Startup/startup_stm32g474retx.o
                                 0x9e (size before relaxing)
 .debug_str     0x000e7724    0xe4f58 ./Application/User/main.o
 .debug_str     0x000e7724    0xe530e ./Application/User/stm32g4xx_hal_msp.o
 .debug_str     0x000e7724    0xe4af8 ./Application/User/stm32g4xx_it.o
 .debug_str     0x000e7724    0xe50fb ./Drivers/BSP/STM32G4xx_Nucleo/stm32g4xx_nucleo.o
 .debug_str     0x000e7724    0xe41aa ./Drivers/CMSIS/system_stm32g4xx.o
 .debug_str     0x000e7724    0xe4eaa ./Drivers/STM32G4xx_HAL_Driver/stm32g4xx_hal.o
 .debug_str     0x000e7724    0xe4b66 ./Drivers/STM32G4xx_HAL_Driver/stm32g4xx_hal_cortex.o
 .debug_str     0x000e7724    0xe4572 ./Drivers/STM32G4xx_HAL_Driver/stm32g4xx_hal_dma.o
 .debug_str     0x000e7724    0xe4323 ./Drivers/STM32G4xx_HAL_Driver/stm32g4xx_hal_gpio.o
 .debug_str     0x000e7724    0xe4686 ./Drivers/STM32G4xx_HAL_Driver/stm32g4xx_hal_pwr_ex.o
 .debug_str     0x000e7724    0xe48b7 ./Drivers/STM32G4xx_HAL_Driver/stm32g4xx_hal_rcc.o
 .debug_str     0x000e7724    0xe4b37 ./Drivers/STM32G4xx_HAL_Driver/stm32g4xx_hal_spi.o

.debug_rnglists
                0x00000000      0x6a5
 .debug_rnglists
                0x00000000       0x19 ./Application/Startup/startup_stm32g474retx.o
 .debug_rnglists
                0x00000019       0x45 ./Application/User/main.o
 .debug_rnglists
                0x0000005e       0x20 ./Application/User/stm32g4xx_hal_msp.o
 .debug_rnglists
                0x0000007e       0x31 ./Application/User/stm32g4xx_it.o
 .debug_rnglists
                0x000000af       0x68 ./Drivers/BSP/STM32G4xx_Nucleo/stm32g4xx_nucleo.o
 .debug_rnglists
                0x00000117       0x1a ./Drivers/CMSIS/system_stm32g4xx.o
 .debug_rnglists
                0x00000131       0xf1 ./Drivers/STM32G4xx_HAL_Driver/stm32g4xx_hal.o
 .debug_rnglists
                0x00000222       0xda ./Drivers/STM32G4xx_HAL_Driver/stm32g4xx_hal_cortex.o
 .debug_rnglists
                0x000002fc       0x71 ./Drivers/STM32G4xx_HAL_Driver/stm32g4xx_hal_dma.o
 .debug_rnglists
                0x0000036d       0x3f ./Drivers/STM32G4xx_HAL_Driver/stm32g4xx_hal_gpio.o
 .debug_rnglists
                0x000003ac       0xf1 ./Drivers/STM32G4xx_HAL_Driver/stm32g4xx_hal_pwr_ex.o
 .debug_rnglists
                0x0000049d       0x74 ./Drivers/STM32G4xx_HAL_Driver/stm32g4xx_hal_rcc.o
 .debug_rnglists
                0x00000511      0x194 ./Drivers/STM32G4xx_HAL_Driver/stm32g4xx_hal_spi.o

.debug_macro    0x00000000    0x2446f
 .debug_macro   0x00000000      0x1ff ./Application/User/main.o
 .debug_macro   0x000001ff      0xade ./Application/User/main.o
 .debug_macro   0x00000cdd      0x15b ./Application/User/main.o
 .debug_macro   0x00000e38       0x2e ./Application/User/main.o
 .debug_macro   0x00000e66       0x28 ./Application/User/main.o
 .debug_macro   0x00000e8e       0x22 ./Application/User/main.o
 .debug_macro   0x00000eb0       0x8e ./Application/User/main.o
 .debug_macro   0x00000f3e       0x51 ./Application/User/main.o
 .debug_macro   0x00000f8f      0x103 ./Application/User/main.o
 .debug_macro   0x00001092       0x6a ./Application/User/main.o
 .debug_macro   0x000010fc      0x1df ./Application/User/main.o
 .debug_macro   0x000012db       0x1c ./Application/User/main.o
 .debug_macro   0x000012f7       0x22 ./Application/User/main.o
 .debug_macro   0x00001319       0xfb ./Application/User/main.o
 .debug_macro   0x00001414     0x1011 ./Application/User/main.o
 .debug_macro   0x00002425      0x11f ./Application/User/main.o
 .debug_macro   0x00002544    0x18b8c ./Application/User/main.o
 .debug_macro   0x0001b0d0       0x6d ./Application/User/main.o
 .debug_macro   0x0001b13d     0x3558 ./Application/User/main.o
 .debug_macro   0x0001e695      0x190 ./Application/User/main.o
 .debug_macro   0x0001e825       0x5c ./Application/User/main.o
 .debug_macro   0x0001e881     0x171f ./Application/User/main.o
 .debug_macro   0x0001ffa0      0x600 ./Application/User/main.o
 .debug_macro   0x000205a0      0x1b6 ./Application/User/main.o
 .debug_macro   0x00020756      0x34a ./Application/User/main.o
 .debug_macro   0x00020aa0      0x53c ./Application/User/main.o
 .debug_macro   0x00020fdc      0x18b ./Application/User/main.o
 .debug_macro   0x00021167       0x43 ./Application/User/main.o
 .debug_macro   0x000211aa      0x23d ./Application/User/main.o
 .debug_macro   0x000213e7      0x211 ./Application/User/main.o
 .debug_macro   0x000215f8      0x45c ./Application/User/main.o
 .debug_macro   0x00021a54      0x11c ./Application/User/main.o
 .debug_macro   0x00021b70      0x122 ./Application/User/main.o
 .debug_macro   0x00021c92      0x3d1 ./Application/User/main.o
 .debug_macro   0x00022063      0x2fe ./Application/User/main.o
 .debug_macro   0x00022361      0x693 ./Application/User/main.o
 .debug_macro   0x000229f4       0xa6 ./Application/User/main.o
 .debug_macro   0x00022a9a      0x358 ./Application/User/main.o
 .debug_macro   0x00022df2       0x52 ./Application/User/main.o
 .debug_macro   0x00022e44       0x1c ./Application/User/main.o
 .debug_macro   0x00022e60       0x9e ./Application/User/main.o
 .debug_macro   0x00022efe       0x10 ./Application/User/main.o
 .debug_macro   0x00022f0e      0x1ff ./Application/User/stm32g4xx_hal_msp.o
 .debug_macro   0x0002310d      0x209 ./Application/User/stm32g4xx_it.o
 .debug_macro   0x00023316      0x1fc ./Drivers/BSP/STM32G4xx_Nucleo/stm32g4xx_nucleo.o
 .debug_macro   0x00023512       0x16 ./Drivers/BSP/STM32G4xx_Nucleo/stm32g4xx_nucleo.o
 .debug_macro   0x00023528      0x1d5 ./Drivers/CMSIS/system_stm32g4xx.o
 .debug_macro   0x000236fd      0x21d ./Drivers/STM32G4xx_HAL_Driver/stm32g4xx_hal.o
 .debug_macro   0x0002391a      0x1cf ./Drivers/STM32G4xx_HAL_Driver/stm32g4xx_hal_cortex.o
 .debug_macro   0x00023ae9      0x1cf ./Drivers/STM32G4xx_HAL_Driver/stm32g4xx_hal_dma.o
 .debug_macro   0x00023cb8      0x1d6 ./Drivers/STM32G4xx_HAL_Driver/stm32g4xx_hal_gpio.o
 .debug_macro   0x00023e8e      0x1f9 ./Drivers/STM32G4xx_HAL_Driver/stm32g4xx_hal_pwr_ex.o
 .debug_macro   0x00024087      0x211 ./Drivers/STM32G4xx_HAL_Driver/stm32g4xx_hal_rcc.o
 .debug_macro   0x00024298      0x1d7 ./Drivers/STM32G4xx_HAL_Driver/stm32g4xx_hal_spi.o

.comment        0x00000000       0x43
 .comment       0x00000000       0x43 ./Application/User/main.o
                                 0x44 (size before relaxing)
 .comment       0x00000043       0x44 ./Application/User/stm32g4xx_hal_msp.o
 .comment       0x00000043       0x44 ./Application/User/stm32g4xx_it.o
 .comment       0x00000043       0x44 ./Drivers/BSP/STM32G4xx_Nucleo/stm32g4xx_nucleo.o
 .comment       0x00000043       0x44 ./Drivers/CMSIS/system_stm32g4xx.o
 .comment       0x00000043       0x44 ./Drivers/STM32G4xx_HAL_Driver/stm32g4xx_hal.o
 .comment       0x00000043       0x44 ./Drivers/STM32G4xx_HAL_Driver/stm32g4xx_hal_cortex.o
 .comment       0x00000043       0x44 ./Drivers/STM32G4xx_HAL_Driver/stm32g4xx_hal_dma.o
 .comment       0x00000043       0x44 ./Drivers/STM32G4xx_HAL_Driver/stm32g4xx_hal_gpio.o
 .comment       0x00000043       0x44 ./Drivers/STM32G4xx_HAL_Driver/stm32g4xx_hal_pwr_ex.o
 .comment       0x00000043       0x44 ./Drivers/STM32G4xx_HAL_Driver/stm32g4xx_hal_rcc.o
 .comment       0x00000043       0x44 ./Drivers/STM32G4xx_HAL_Driver/stm32g4xx_hal_spi.o

.debug_frame    0x00000000     0x22f0
 .debug_frame   0x00000000      0x144 ./Application/User/main.o
 .debug_frame   0x00000144       0x7c ./Application/User/stm32g4xx_hal_msp.o
 .debug_frame   0x000001c0       0xc0 ./Application/User/stm32g4xx_it.o
 .debug_frame   0x00000280      0x21c ./Drivers/BSP/STM32G4xx_Nucleo/stm32g4xx_nucleo.o
 .debug_frame   0x0000049c       0x58 ./Drivers/CMSIS/system_stm32g4xx.o
 .debug_frame   0x000004f4      0x500 ./Drivers/STM32G4xx_HAL_Driver/stm32g4xx_hal.o
 .debug_frame   0x000009f4      0x4e8 ./Drivers/STM32G4xx_HAL_Driver/stm32g4xx_hal_cortex.o
 .debug_frame   0x00000edc      0x24c ./Drivers/STM32G4xx_HAL_Driver/stm32g4xx_hal_dma.o
 .debug_frame   0x00001128      0x14c ./Drivers/STM32G4xx_HAL_Driver/stm32g4xx_hal_gpio.o
 .debug_frame   0x00001274      0x4fc ./Drivers/STM32G4xx_HAL_Driver/stm32g4xx_hal_pwr_ex.o
 .debug_frame   0x00001770      0x23c ./Drivers/STM32G4xx_HAL_Driver/stm32g4xx_hal_rcc.o
 .debug_frame   0x000019ac      0x8f8 ./Drivers/STM32G4xx_HAL_Driver/stm32g4xx_hal_spi.o
 .debug_frame   0x000022a4       0x20 C:/ST/STM32CubeIDE_1.19.0/STM32CubeIDE/plugins/com.st.stm32cube.ide.mcu.externaltools.gnu-tools-for-stm32.13.3.rel1.win32_1.0.0.202411081344/tools/bin/../lib/gcc/arm-none-eabi/13.3.1/../../../../arm-none-eabi/lib/thumb/v7e-m+fp/hard\libc_nano.a(libc_a-memset.o)
 .debug_frame   0x000022c4       0x2c C:/ST/STM32CubeIDE_1.19.0/STM32CubeIDE/plugins/com.st.stm32cube.ide.mcu.externaltools.gnu-tools-for-stm32.13.3.rel1.win32_1.0.0.202411081344/tools/bin/../lib/gcc/arm-none-eabi/13.3.1/../../../../arm-none-eabi/lib/thumb/v7e-m+fp/hard\libc_nano.a(libc_a-init.o)
